discoverCameras: found 11 device(s)
  [0] name="Innomaker-U20CAM-1080p-S1: Inno"
    -> path=/dev/video0 key=usb:1-2.1.1 modes=7
  [1] name="Innomaker-U20CAM-1080p-S1: Inno"
    -> path=/dev/video2 key=usb:1-2.1.2 modes=7
  [2] name="Innomaker-U20CAM-1080p-S1: Inno"
    -> path=/dev/video8 key=usb:1-2.1.3 modes=7
  [3] name="Innomaker-U20CAM-1080p-S1: Inno"
    -> path=/dev/video12 key=usb:1-2.1.4 modes=7
  [4] name="Innomaker-U20CAM-1080p-S1: Inno"
    -> path=/dev/video4 key=usb:1-2.3.1 modes=7
  [5] name="Innomaker-U20CAM-1080p-S1: Inno"
    -> path=/dev/video14 key=usb:1-2.3.2.1 modes=7
  [6] name="Innomaker-U20CAM-1080p-S1: Inno"
    -> path=/dev/video18 key=usb:1-2.3.2.2 modes=7
  [7] name="Innomaker-U20CAM-1080p-S1: Inno"
    -> path=/dev/video20 key=usb:1-2.3.2.4 modes=7
  [8] name="Innomaker-U20CAM-1080p-S1: Inno"
    -> path=/dev/video10 key=usb:1-2.4.1 modes=7
  [9] name="Innomaker-U20CAM-1080p-S1: Inno"
    -> path=/dev/video16 key=usb:1-2.4.2 modes=7
  [10] name="ZED 2i: ZED 2i"
    -> path=/dev/video6 key=usb:2-1.2 modes=4 crop=left-half
  accepted name="Innomaker-U20CAM-1080p-S1: Inno" path=/dev/video0 key=usb:1-2.1.1 as "camera_0"
  accepted name="Innomaker-U20CAM-1080p-S1: Inno" path=/dev/video2 key=usb:1-2.1.2 as "camera_1"
  accepted name="Innomaker-U20CAM-1080p-S1: Inno" path=/dev/video8 key=usb:1-2.1.3 as "camera_2"
  accepted name="Innomaker-U20CAM-1080p-S1: Inno" path=/dev/video12 key=usb:1-2.1.4 as "camera_3"
  accepted name="Innomaker-U20CAM-1080p-S1: Inno" path=/dev/video4 key=usb:1-2.3.1 as "camera_4"
  accepted name="Innomaker-U20CAM-1080p-S1: Inno" path=/dev/video14 key=usb:1-2.3.2.1 as "camera_5"
  accepted name="Innomaker-U20CAM-1080p-S1: Inno" path=/dev/video18 key=usb:1-2.3.2.2 as "camera_6"
  accepted name="Innomaker-U20CAM-1080p-S1: Inno" path=/dev/video20 key=usb:1-2.3.2.4 as "camera_7"
  accepted name="Innomaker-U20CAM-1080p-S1: Inno" path=/dev/video10 key=usb:1-2.4.1 as "camera_8"
  accepted name="Innomaker-U20CAM-1080p-S1: Inno" path=/dev/video16 key=usb:1-2.4.2 as "camera_9"
  accepted name="ZED 2i: ZED 2i" path=/dev/video6 key=usb:2-1.2 as "camera_10"
WebSocket server started on port 8081
Client connected: id=1
Client disconnected: id=1
Client connected: id=2
[00:07:20.54] Starting pipeline: v4l2src name=src io-mode=2 do-timestamp=true device=/dev/video0 ! image/jpeg,width=1024,height=576,framerate=30/1 ! jpegdec ! videorate ! video/x-raw,framerate=30/1 ! videoconvert ! nvvidconv ! nvv4l2h264enc insert-sps-pps=true idrinterval=30 bitrate=884736 ! h264parse name=parse ! video/x-h264,stream-format=byte-stream,alignment=au ! rtph264pay name=pay0 config-interval=1 aggregate-mode=zero-latency ! application/x-rtp,media=video,encoding-name=H264,payload=96,packetization-mode=(string)1 ! webrtcbin name=webrtcbin bundle-policy=max-bundle
0:00:05.272126871 [32m 8131[00m 0xffffa0127190 [37mDEBUG  [00m [00m           webrtcbin gstwebrtcbin.c:497:gst_webrtc_bin_pad_new:<'':sink_0>[00m new visible pad with direction sink
0:00:05.272382722 [32m 8131[00m 0xffffa0127190 [37mDEBUG  [00m [00m           webrtcbin gstwebrtcbin.c:6960:gst_webrtc_bin_change_state:[00m changing state: NULL => READY
0:00:05.416034908 [32m 8131[00m 0xffffa0127190 [37mDEBUG  [00m [00m           webrtcbin gstwebrtcbin.c:6960:gst_webrtc_bin_change_state:[00m changing state: READY => PAUSED
0:00:05.417960286 [32m 8131[00m 0xffffa0127190 [37mDEBUG  [00m [00m           webrtcbin gstwebrtcbin.c:6960:gst_webrtc_bin_change_state:[00m changing state: PAUSED => PLAYING
Opening in BLOCKING MODE 
[00:07:20.276] Pipeline state change: SUCCESS
Camera enabled: client=2 camera=camera_0 viewers=1
[00:07:20.426] Creating offer on main loop
0:00:05.569294492 [32m 8131[00m 0xffffa000b4c0 [36mINFO   [00m [00m           webrtcbin gstwebrtcbin.c:4255:_create_sdp_task:<webrtcbin>[00m creating offer sdp with options (NULL)
0:00:05.569428178 [32m 8131[00m 0xffffa000b4c0 [37mDEBUG  [00m [00m           webrtcbin gstwebrtcbin.c:3002:sdp_media_from_transceiver:<webrtctransceiver0>[00m 0 Generating new ice parameters mline -1, mid (null)
0:00:05.569645335 [32m 8131[00m 0xffffa000b4c0 [37mDEBUG  [00m [00m           webrtcbin gstwebrtcbin.c:3083:sdp_media_from_transceiver:<webrtcbin>[00m Adding 0-th caps application/x-rtp, media=(string)video, payload=(int)96, encoding-name=(string)H264, packetization-mode=(string)1, clock-rate=(int)90000, rtcp-fb-nack-pli=(boolean)true, rtcp-fb-transport-cc=(boolean)true to 0-th media
0:00:05.569730981 [32m 8131[00m 0xffffa000b4c0 [33;01mWARN   [00m [00m           webrtcbin gstwebrtcbin.c:3112:sdp_media_from_transceiver:<webrtcbin>[00m Caps application/x-rtp, media=(string)video, payload=(int)96, encoding-name=(string)H264, packetization-mode=(string)1, clock-rate=(int)90000, rtcp-fb-nack-pli=(boolean)true, rtcp-fb-transport-cc=(boolean)true are missing ssrc
[00:07:20.432] Starting pipeline: v4l2src name=src io-mode=2 do-timestamp=true device=/dev/video6 ! video/x-raw,format=YUY2,width=1344,height=376,framerate=15/1 ! videorate ! video/x-raw,framerate=15/1 ! videocrop right=672 ! video/x-raw,width=672,height=376 ! videoconvert ! nvvidconv ! nvv4l2h264enc insert-sps-pps=true idrinterval=30 bitrate=189504 ! h264parse name=parse ! video/x-h264,stream-format=byte-stream,alignment=au ! rtph264pay name=pay0 config-interval=1 aggregate-mode=zero-latency ! application/x-rtp,media=video,encoding-name=H264,payload=96,packetization-mode=(string)1 ! webrtcbin name=webrtcbin bundle-policy=max-bundle
0:00:05.633973712 [32m 8131[00m 0xffffa0127190 [37mDEBUG  [00m [00m           webrtcbin gstwebrtcbin.c:497:gst_webrtc_bin_pad_new:<'':sink_0>[00m new visible pad with direction sink
0:00:05.634217528 [32m 8131[00m 0xffffa0127190 [37mDEBUG  [00m [00m           webrtcbin gstwebrtcbin.c:6960:gst_webrtc_bin_change_state:[00m changing state: NULL => READY
Failed to open /dev/video3: No such file or directory
0:00:05.822999461 [32m 8131[00m 0xffffa0127190 [37mDEBUG  [00m [00m           webrtcbin gstwebrtcbin.c:6960:gst_webrtc_bin_change_state:[00m changing state: READY => PAUSED
0:00:05.823776199 [32m 8131[00m 0xffffa0127190 [37mDEBUG  [00m [00m           webrtcbin gstwebrtcbin.c:6960:gst_webrtc_bin_change_state:[00m changing state: PAUSED => PLAYING
Opening in BLOCKING MODE 
Opening in BLOCKING MODE 
[00:07:20.682] Pipeline state change: SUCCESS
NvMMLiteOpen : Block : BlockType = 4 
===== NvVideo: NVENC =====
NvMMLiteBlockCreate : Block : BlockType = 4 
Camera enabled: client=[2 camera=camera_10 viewers=1
00:07:20.832] Creating offer on main loop
0:00:05.974360008 [32m 8131[00m 0xffffa00086a0 [36mINFO   [00m [00m           webrtcbin gstwebrtcbin.c:4255:_create_sdp_task:<webrtcbin>[00m creating offer sdp with options (NULL)
0:00:05.974424595 [32m 8131[00m 0xffffa00086a0 [37mDEBUG  [00m [00m           webrtcbin gstwebrtcbin.c:3002:sdp_media_from_transceiver:<webrtctransceiver1>[00m 0 Generating new ice parameters mline -1, mid (null)
0:00:05.974563882 [32m 8131[00m 0xffffa00086a0 [37mDEBUG  [00m [00m           webrtcbin gstwebrtcbin.c:3083:sdp_media_from_transceiver:<webrtcbin>[00m Adding 0-th caps application/x-rtp, media=(string)video, payload=(int)96, encoding-name=(string)H264, packetization-mode=(string)1, clock-rate=(int)90000, rtcp-fb-nack-pli=(boolean)true, rtcp-fb-transport-cc=(boolean)true to 0-th media
0:00:05.974605617 [32m 8131[00m 0xffffa00086a0 [33;01mWARN   [00m [00m           webrtcbin gstwebrtcbin.c:3112:sdp_media_from_transceiver:<webrtcbin>[00m Caps application/x-rtp, media=(string)video, payload=(int)96, encoding-name=(string)H264, packetization-mode=(string)1, clock-rate=(int)90000, rtcp-fb-nack-pli=(boolean)true, rtcp-fb-transport-cc=(boolean)true are missing ssrc
[00:07:20.835] Starting pipeline: v4l2src name=src io-mode=2 do-timestamp=true device=/dev/video4 ! image/jpeg,width=640,height=360,framerate=30/1 ! jpegdec ! videorate ! video/x-raw,framerate=30/1 ! videoconvert ! nvvidconv ! nvv4l2h264enc insert-sps-pps=true idrinterval=30 bitrate=345600 ! h264parse name=parse ! video/x-h264,stream-format=byte-stream,alignment=au ! rtph264pay name=pay0 config-interval=1 aggregate-mode=zero-latency ! application/x-rtp,media=video,encoding-name=H264,payload=96,packetization-mode=(string)1 ! webrtcbin name=webrtcbin bundle-policy=max-bundle
0:00:05.981176314 [32m 8131[00m 0xffffa0127190 [37mDEBUG  [00m [00m           webrtcbin gstwebrtcbin.c:497:gst_webrtc_bin_pad_new:<'':sink_0>[00m new visible pad with direction sink
0:00:05.981305168 [32m 8131[00m 0xffffa0127190 [37mDEBUG  [00m [00m           webrtcbin gstwebrtcbin.c:6960:gst_webrtc_bin_change_state:[00m changing state: NULL => READY
Failed to open /dev/video3: No such file or directory
0:00:06.014182659 [32m 8131[00m 0xffffa0127190 [37mDEBUG  [00m [00m           webrtcbin gstwebrtcbin.c:6960:gst_webrtc_bin_change_state:[00m changing state: READY => PAUSED
0:00:06.015300862 [32m 8131[00m 0xffffa0127190 [37mDEBUG  [00m [00m           webrtcbin gstwebrtcbin.c:6960:gst_webrtc_bin_change_state:[00m changing state: PAUSED => PLAYING
Opening in BLOCKING MODE 
Opening in BLOCKING MODE 
[00:07:20.873] Pipeline state change: SUCCESS
Camera enabled: client=2 camera=camera_4 viewers=[1
00:07:21.23] Creating offer on main loop
0:00:06.165777830 [32m 8131[00m 0xffffa01c5460 [36mINFO   [00m [00m           webrtcbin gstwebrtcbin.c:4255:_create_sdp_task:<webrtcbin>[00m creating offer sdp with options (NULL)
0:00:06.165836560 [32m 8131[00m 0xffffa01c5460 [37mDEBUG  [00m [00m           webrtcbin gstwebrtcbin.c:3002:sdp_media_from_transceiver:<webrtctransceiver2>[00m 0 Generating new ice parameters mline -1, mid (null)
0:00:06.165970662 [32m 8131[00m 0xffffa01c5460 [37mDEBUG  [00m [00m           webrtcbin gstwebrtcbin.c:3083:sdp_media_from_transceiver:<webrtcbin>[00m Adding 0-th caps application/x-rtp, media=(string)video, payload=(int)96, encoding-name=(string)H264, packetization-mode=(string)1, clock-rate=(int)90000, rtcp-fb-nack-pli=(boolean)true, rtcp-fb-transport-cc=(boolean)true to 0-th media
0:00:06.166011277 [32m 8131[00m 0xffffa01c5460 [33;01mWARN   [00m [00m           webrtcbin gstwebrtcbin.c:3112:sdp_media_from_transceiver:<webrtcbin>[00m Caps application/x-rtp, media=(string)video, payload=(int)96, encoding-name=(string)H264, packetization-mode=(string)1, clock-rate=(int)90000, rtcp-fb-nack-pli=(boolean)true, rtcp-fb-transport-cc=(boolean)true are missing ssrc
[00:07:21.27] Starting pipeline: v4l2src name=src io-mode=2 do-timestamp=true device=/dev/video2 ! image/jpeg,width=640,height=360,framerate=30/1 ! jpegdec ! videorate ! video/x-raw,framerate=30/1 ! videoconvert ! nvvidconv ! nvv4l2h264enc insert-sps-pps=true idrinterval=30 bitrate=345600 ! h264parse name=parse ! video/x-h264,stream-format=byte-stream,alignment=au ! rtph264pay name=pay0 config-interval=1 aggregate-mode=zero-latency ! application/x-rtp,media=video,encoding-name=H264,payload=96,packetization-mode=(string)1 ! webrtcbin name=webrtcbin bundle-policy=max-bundle
0:00:06.172331850 [32m 8131[00m 0xffffa0127190 [37mDEBUG  [00m [00m           webrtcbin gstwebrtcbin.c:497:gst_webrtc_bin_pad_new:<'':sink_0>[00m new visible pad with direction sink
0:00:06.172455391 [32m 8131[00m 0xffffa0127190 [37mDEBUG  [00m [00m           webrtcbin gstwebrtcbin.c:6960:gst_webrtc_bin_change_state:[00m changing state: NULL => READY
NvMMLiteOpen : Block : BlockType = 4 
===== NvVideo: NVENC =====
NvMMLiteBlockCreate : Block : BlockType = 4 
0:00:06.205100192 [32m 8131[00m 0xffffa0127190 [37mDEBUG  [00m [00m           webrtcbin gstwebrtcbin.c:6960:gst_webrtc_bin_change_state:[00m changing state: READY => PAUSED
0:00:06.206271235 [32m 8131[00m 0xffffa0127190 [37mDEBUG  [00m [00m           webrtcbin gstwebrtcbin.c:6960:gst_webrtc_bin_change_state:[00m changing state: PAUSED => PLAYING
Opening in BLOCKING MODE 
Opening in BLOCKING MODE 
[00:07:21.64] Pipeline state change: SUCCESS
H264: extProfile = 2 Level = 0 
NVMEDIA: Need to set EMC bandwidth : 376000 
NvVideo: bBlitMode is set to TRUE 
H264: extProfile = 2 Level = 0 
NVMEDIA: Need to set EMC bandwidth : 63000 
NvVideo: bBlitMode is set to TRUE 
0:00:06.287485282 [32m 8131[00m 0xffffa0294300 [37mDEBUG  [00m [00m           webrtcbin gstwebrtcbin.c:309:gst_webrtcbin_sink_event:<webrtcbin>[00m On <webrtcbin:sink_0> checking negotiation? 1, caps application/x-rtp, media=(string)video, payload=(int)96, clock-rate=(int)90000, encoding-name=(string)H264, packetization-mode=(string)1, ssrc=(uint)4103414910, timestamp-offset=(uint)1377753977, seqnum-offset=(uint)14179, a-framerate=(string)30
0:00:06.287962034 [32m 8131[00m 0xffff881065e0 [37mDEBUG  [00m [00m           webrtcbin gstwebrtcbin.c:309:gst_webrtcbin_sink_event:<webrtcbin>[00m On <webrtcbin:sink_0> checking negotiation? 1, caps application/x-rtp, media=(string)video, payload=(int)96, clock-rate=(int)90000, encoding-name=(string)H264, packetization-mode=(string)1, ssrc=(uint)1812082392, timestamp-offset=(uint)2936370697, seqnum-offset=(uint)6268, a-framerate=(string)15
[Camera enabled: client=2 camera=camera_1 viewers=1
00:07:21.215] Creating offer on main loop
0:00:06.357243661 [32m 8131[00m 0xffffa01c5520 [36mINFO   [00m [00m           webrtcbin gstwebrtcbin.c:4255:_create_sdp_task:<webrtcbin>[00m creating offer sdp with options (NULL)
0:00:06.357297910 [32m 8131[00m 0xffffa01c5520 [37mDEBUG  [00m [00m           webrtcbin gstwebrtcbin.c:3002:sdp_media_from_transceiver:<webrtctransceiver3>[00m 0 Generating new ice parameters mline -1, mid (null)
0:00:06.357424267 [32m 8131[00m 0xffffa01c5520 [37mDEBUG  [00m [00m           webrtcbin gstwebrtcbin.c:3083:sdp_media_from_transceiver:<webrtcbin>[00m Adding 0-th caps application/x-rtp, media=(string)video, payload=(int)96, encoding-name=(string)H264, packetization-mode=(string)1, clock-rate=(int)90000, rtcp-fb-nack-pli=(boolean)true, rtcp-fb-transport-cc=(boolean)true to 0-th media
0:00:06.357463089 [32m 8131[00m 0xffffa01c5520 [33;01mWARN   [00m [00m           webrtcbin gstwebrtcbin.c:3112:sdp_media_from_transceiver:<webrtcbin>[00m Caps application/x-rtp, media=(string)video, payload=(int)96, encoding-name=(string)H264, packetization-mode=(string)1, clock-rate=(int)90000, rtcp-fb-nack-pli=(boolean)true, rtcp-fb-transport-cc=(boolean)true are missing ssrc
[[00:07:21.385] Offer created
00:07:21.385] Offer created
0:00:06.527381361 [32m 8131[00m 0xffffa0294300 [37mDEBUG  [00m [00m           webrtcbin gstwebrtcbin.c:309:gst_webrtcbin_sink_event:<webrtcbin>[00m On <webrtcbin:sink_0> checking negotiation? 1, caps application/x-rtp, media=(string)video, clock-rate=(int)90000, encoding-name=(string)H264, packetization-mode=(string)1, sprop-parameter-sets=(string)"Z0JAH5ZUAgAkyA\=\=\,aM48gA\=\=", payload=(int)96, seqnum-offset=(uint)14179, timestamp-offset=(uint)1377753977, ssrc=(uint)4103414910, a-framerate=(string)30
Routing offer: client=2 camera=camera_10
0:00:06.527701286 [32m 8131[00m 0xffffa00086a0 [36mINFO   [00m [00m           webrtcbin gstwebrtcbin.c:5542:_set_description_task:<webrtcbin>[00m Attempting to set local offer in the stable state
0:00:06.527750126 [32m 8131[00m 0xffffa00086a0 [37mDEBUG  [00m [00m           webrtcbin gstwebrtcbin.c:5725:_set_description_task:<webrtcbin>[00m we are in ice controlling mode: true
0:00:06.527755823 [32m 8131[00m 0xffff881065e0 [37mDEBUG  [00m [00m           webrtcbin gstwebrtcbin.c:309:gst_webrtcbin_sink_event:<webrtcbin>[00m On <webrtcbin:sink_0> checking negotiation? 1, caps application/x-rtp, media=(string)video, clock-rate=(int)90000, encoding-name=(string)H264, packetization-mode=(string)1, sprop-parameter-sets=(string)"Z0JAFpZUBUGPyoA\=\,aM48gA\=\=", payload=(int)96, seqnum-offset=(uint)6268, timestamp-offset=(uint)2936370697, ssrc=(uint)1812082392, a-framerate=(string)15
0:00:06.527832764 [32m 8131[00m 0xffffa00086a0 [37mDEBUG  [00m [00m           webrtcice gstwebrtcice.c:779:gst_webrtc_ice_set_local_credentials:<webrtcbin1:ice>[00m Setting local ICE credentials on ICE stream 1 ufrag:PL7Fm0f/tfw/xMxTg7TMP/US1aZQa3Hg pwd:rAZ1238fypsFvaHoZbETmK+iyi8MUsbC
0:00:06.527850751 [32m 8131[00m 0xffffa00086a0 [37mDEBUG  [00m [00m           webrtcice gstwebrtcice.c:797:gst_webrtc_ice_gather_candidates:<webrtcbin1:ice>[00m gather candidates for stream 1
Routing offer: client=2 camera=camera_0
[00:07:21.387] on-negotiation-needed fired
0:00:06.529463948 [32m 8131[00m 0xffffa000b4c0 [36mINFO   [00m [00m           webrtcbin gstwebrtcbin.c:5542:_set_description_task:<webrtcbin>[00m Attempting to set local offer in the stable state
0:00:06.529521878 [32m 8131[00m 0xffffa000b4c0 [37mDEBUG  [00m [00m           webrtcbin gstwebrtcbin.c:5725:_set_description_task:<webrtcbin>[00m we are in ice controlling mode: true
0:00:06.529609860 [32m 8131[00m 0xffffa000b4c0 [37mDEBUG  [00m [00m           webrtcice gstwebrtcice.c:779:gst_webrtc_ice_set_local_credentials:<webrtcbin0:ice>[00m Setting local ICE credentials on ICE stream 1 ufrag:/kPkI0glwryPvnn2UlslC6aRWuxM4+Ll pwd:w5aRh3NJrRhxlwc07mQbharQ6qt8/LlI
0:00:06.529627079 [32m 8131[00m 0xffffa000b4c0 [37mDEBUG  [00m [00m           webrtcice gstwebrtcice.c:797:gst_webrtc_ice_gather_candidates:<webrtcbin0:ice>[00m gather candidates for stream 1
[00:07:21.388] Offer created
[00:07:21.388] on-negotiation-needed fired
0:00:06.530288565 [32m 8131[00m 0xffffa00086a0 [36mINFO   [00m [00m           webrtcbin gstwebrtcbin.c:1373:_update_ice_gathering_state_task:<webrtcbin>[00m ICE gathering state change from new(0) to gathering(1)
Routing offer: client=2 camera=camera_4
Routing ICE: client=2 camera=camera_10
Routing ICE: client=2 camera=camera_10
0:00:06.530499449 [32m 8131[00m 0xffffa01c5460 [36mINFO   [00m [00m           webrtcbin gstwebrtcbin.c:5542:_set_description_task:<webrtcbin>[00m Attempting to set local offer in the stable state
Routing ICE: client=2 camera=camera_10
0:00:06.530545024 [32m 8131[00m 0xffffa01c5460 [37mDEBUG  [00m [00m           webrtcbin gstwebrtcbin.c:5725:_set_description_task:<webrtcbin>[00m we are in ice controlling mode: true
[00:07:21.389] Offer created
Routing offer: client=2 camera=camera_1
0:00:06.531389645 [32m 8131[00m 0xffffa01c5520 [36mINFO   [00m [00m           webrtcbin gstwebrtcbin.c:5542:_set_description_task:<webrtcbin>[00m Attempting to set local offer in the stable state
0:00:06.531430260 [32m 8131[00m 0xffffa01c5520 [37mDEBUG  [00m [00m           webrtcbin gstwebrtcbin.c:5725:_set_description_task:<webrtcbin>[00m we are in ice controlling mode: true
0:00:06.531447671 [32m 8131[00m 0xffffa000b4c0 [36mINFO   [00m [00m           webrtcbin gstwebrtcbin.c:1373:_update_ice_gathering_state_task:<webrtcbin>[00m ICE gathering state change from new(0) to gathering(1)
Routing ICE: client=2 camera=camera_0
0:00:06.531500287 [32m 8131[00m 0xffffa01c5520 [37mDEBUG  [00m [00m           webrtcice gstwebrtcice.c:779:gst_webrtc_ice_set_local_credentials:<webrtcbin3:ice>[00m Setting local ICE credentials on ICE stream 1 ufrag:ndK4d1Yo1HgWT4SwuOKh1G5/Xxk+9NwU pwd:HLYe1cxu3gf2homL972yZfl08/ruxA2A
0:00:06.531517826 [32m 8131[00m 0xffffa01c5520 [37mDEBUG  [00m [00m           webrtcice gstwebrtcice.c:797:gst_webrtc_ice_gather_candidates:<webrtcbin3:ice>[00m gather candidates for stream 1
Routing ICE: client=2 camera=camera_0
Routing ICE: client=2 camera=camera_0
0:00:06.532755121 [32m 8131[00m 0xffffa01c5520 [36mINFO   [00m [00m           webrtcbin gstwebrtcbin.c:1373:_update_ice_gathering_state_task:<webrtcbin>[00m ICE gathering state change from new(0) to gathering(1)
Routing ICE: client=2 camera=camera_1
Routing ICE: client=2 camera=camera_1
Routing ICE: client=2 camera=camera_1
0:00:06.533184280 [32m 8131[00m 0xffffa01c5460 [37mDEBUG  [00m [00m           webrtcice gstwebrtcice.c:779:gst_webrtc_ice_set_local_credentials:<webrtcbin2:ice>[00m Setting local ICE credentials on ICE stream 1 ufrag:7T75YfKfPTZc0+axueBxBU5L3skelDUj pwd:C9OPCxPaQJKjXleWhrsNb/SjmQH0WwI3
0:00:06.533214013 [32m 8131[00m 0xffffa01c5460 [37mDEBUG  [00m [00m           webrtcice gstwebrtcice.c:797:gst_webrtc_ice_gather_candidates:<webrtcbin2:ice>[00m gather candidates for stream 1
0:00:06.535383271 [32m 8131[00m 0xffffa01c5460 [36mINFO   [00m [00m           webrtcbin gstwebrtcbin.c:1373:_update_ice_gathering_state_task:<webrtcbin>[00m ICE gathering state change from new(0) to gathering(1)
Routing ICE: client=2 camera=camera_4
Routing ICE: client=2 camera=camera_4
Routing ICE: client=2 camera=camera_4
Routing answer: client=2 camera=camera_10
0:00:06.579476987 [32m 8131[00m 0xffffa00086a0 [36mINFO   [00m [00m           webrtcbin gstwebrtcbin.c:5542:_set_description_task:<webrtcbin>[00m Attempting to set remote answer in the have-local-offer state
0:00:06.579531076 [32m 8131[00m 0xffffa00086a0 [37mDEBUG  [00m [00m           webrtcbin gstwebrtcbin.c:5725:_set_description_task:<webrtcbin>[00m we are in ice controlling mode: true
0:00:06.579614482 [32m 8131[00m 0xffffa00086a0 [37mDEBUG  [00m [00m           webrtcbin gstwebrtcbin.c:4784:_update_transport_ptmap_from_media:<webrtcbin>[00m mapping sdp session level attributes to caps
0:00:06.579647320 [32m 8131[00m 0xffffa00086a0 [37mDEBUG  [00m [00m           webrtcbin gstwebrtcbin.c:4786:_update_transport_ptmap_from_media:<webrtcbin>[00m mapping sdp media level attributes to caps
0:00:06.579677661 [32m 8131[00m 0xffffa00086a0 [37mDEBUG  [00m [00m           webrtcbin gstwebrtcbin.c:4799:_update_transport_ptmap_from_media:<webrtcbin>[00m  looking at 0 pt: 96
Routing answer: client=2 camera=camera_0
0:00:06.579959180 [32m 8131[00m 0xffffa000b4c0 [36mINFO   [00m [00m           webrtcbin gstwebrtcbin.c:5542:_set_description_task:<webrtcbin>[00m Attempting to set remote answer in the have-local-offer state
0:00:06.580007444 [32m 8131[00m 0xffffa000b4c0 [37mDEBUG  [00m [00m           webrtcbin gstwebrtcbin.c:5725:_set_description_task:<webrtcbin>[00m we are in ice controlling mode: true
0:00:06.580086881 [32m 8131[00m 0xffffa000b4c0 [37mDEBUG  [00m [00m           webrtcbin gstwebrtcbin.c:4784:_update_transport_ptmap_from_media:<webrtcbin>[00m mapping sdp session level attributes to caps
0:00:06.580105476 [32m 8131[00m 0xffffa000b4c0 [37mDEBUG  [00m [00m           webrtcbin gstwebrtcbin.c:4786:_update_transport_ptmap_from_media:<webrtcbin>[00m mapping sdp media level attributes to caps
0:00:06.580129576 [32m 8131[00m 0xffffa000b4c0 [37mDEBUG  [00m [00m           webrtcbin gstwebrtcbin.c:4799:_update_transport_ptmap_from_media:<webrtcbin>[00m  looking at 0 pt: 96
0:00:06.581042272 [32m 8131[00m 0xffffa000b4c0 [37mDEBUG  [00m [00m           webrtcbin gstwebrtcbin.c:4963:_update_transceiver_from_sdp_media:<webrtcbin>[00m transceiver <webrtctransceiver0> direction change from none to sendonly
0:00:06.581048833 [32m 8131[00m 0xffffa00086a0 [37mDEBUG  [00m [00m           webrtcbin gstwebrtcbin.c:4963:_update_transceiver_from_sdp_media:<webrtcbin>[00m transceiver <webrtctransceiver1> direction change from none to sendonly
0:00:06.581083751 [32m 8131[00m 0xffffa000b4c0 [37mDEBUG  [00m [00m           webrtcbin gstwebrtcbin.c:4996:_update_transceiver_from_sdp_media:<webrtcbin>[00m found existing send pad <webrtcbin:sink_0> for transceiver <webrtctransceiver0>
0:00:06.581111884 [32m 8131[00m 0xffffa00086a0 [37mDEBUG  [00m [00m           webrtcbin gstwebrtcbin.c:4996:_update_transceiver_from_sdp_media:<webrtcbin>[00m found existing send pad <webrtcbin:sink_0> for transceiver <webrtctransceiver1>
0:00:06.581206076 [32m 8131[00m 0xffffa00086a0 [36mINFO   [00m [00m           webrtcbin gstwebrtcbin.c:4522:_connect_input_stream:<webrtcbin:sink_0>[00m linking input stream 0
0:00:06.581207388 [32m 8131[00m 0xffffa000b4c0 [36mINFO   [00m [00m           webrtcbin gstwebrtcbin.c:4522:_connect_input_stream:<webrtcbin:sink_0>[00m linking input stream 0
0:00:06.581510222 [32m 8131[00m 0xffffa000b4c0 [37mDEBUG  [00m [00m           webrtcice gstwebrtcice.c:720:gst_webrtc_ice_set_remote_credentials:<webrtcbin0:ice>[00m Setting remote ICE credentials on ICE stream 1 ufrag:CTEh pwd:H+PM/MSssZsx8QFB9YWwbREL
0:00:06.581513455 [32m 8131[00m 0xffffa00086a0 [37mDEBUG  [00m [00m           webrtcice gstwebrtcice.c:720:gst_webrtc_ice_set_remote_credentials:<webrtcbin1:ice>[00m Setting remote ICE credentials on ICE stream 1 ufrag:uraK pwd:2rQrNFiVlCFshCDPjJ7Mvjom
0:00:06.582280911 [32m 8131[00m 0xffff84048240 [36mINFO   [00m [00m           webrtcbin gstwebrtcbin.c:6829:on_rtpbin_new_sender_ssrc:<webrtcbin>[00m session 0 ssrc 1812082392 new sender ssrc
0:00:06.582329079 [32m 8131[00m 0xffff8c121d20 [36mINFO   [00m [00m           webrtcbin gstwebrtcbin.c:6829:on_rtpbin_new_sender_ssrc:<webrtcbin>[00m session 0 ssrc 4103414910 new sender ssrc
Routing answer: client=2 camera=camera_4
Routing answer: client=2 camera=camera_1
0:00:06.583974025 [32m 8131[00m 0xffffa00086a0 [36mINFO   [00m [00m           webrtcbin gstwebrtcbin.c:1409:_update_ice_connection_state_task:<webrtcbin>[00m ICE connection state change from new(0) to checking(1)
0:00:06.584016432 [32m 8131[00m 0xffffa00086a0 [36mINFO   [00m [00m           webrtcbin gstwebrtcbin.c:1446:_update_peer_connection_state_task:<webrtcbin>[00m Peer connection state change from new(0) to connecting(1)
0:00:06.584017328 [32m 8131[00m 0xffffa000b4c0 [36mINFO   [00m [00m           webrtcbin gstwebrtcbin.c:1409:_update_ice_connection_state_task:<webrtcbin>[00m ICE connection state change from new(0) to checking(1)
0:00:06.584074714 [32m 8131[00m 0xffffa000b4c0 [36mINFO   [00m [00m           webrtcbin gstwebrtcbin.c:1446:_update_peer_connection_state_task:<webrtcbin>[00m Peer connection state change from new(0) to connecting(1)
0:00:06.584948555 [32m 8131[00m 0xffffa01c5460 [36mINFO   [00m [00m           webrtcbin gstwebrtcbin.c:5542:_set_description_task:<webrtcbin>[00m Attempting to set remote answer in the have-local-offer state
0:00:06.585004853 [32m 8131[00m 0xffffa01c5460 [37mDEBUG  [00m [00m           webrtcbin gstwebrtcbin.c:5725:_set_description_task:<webrtcbin>[00m we are in ice controlling mode: true
0:00:06.585092035 [32m 8131[00m 0xffffa01c5460 [37mDEBUG  [00m [00m           webrtcbin gstwebrtcbin.c:4784:_update_transport_ptmap_from_media:<webrtcbin>[00m mapping sdp session level attributes to caps
0:00:06.585113063 [32m 8131[00m 0xffffa01c5460 [37mDEBUG  [00m [00m           webrtcbin gstwebrtcbin.c:4786:_update_transport_ptmap_from_media:<webrtcbin>[00m mapping sdp media level attributes to caps
0:00:06.585141516 [32m 8131[00m 0xffffa01c5460 [37mDEBUG  [00m [00m           webrtcbin gstwebrtcbin.c:4799:_update_transport_ptmap_from_media:<webrtcbin>[00m  looking at 0 pt: 96
0:00:06.585966869 [32m 8131[00m 0xffffa01c5460 [37mDEBUG  [00m [00m           webrtcbin gstwebrtcbin.c:4963:_update_transceiver_from_sdp_media:<webrtcbin>[00m transceiver <webrtctransceiver2> direction change from none to sendonly
0:00:06.585994554 [32m 8131[00m 0xffffa01c5460 [37mDEBUG  [00m [00m           webrtcbin gstwebrtcbin.c:4996:_update_transceiver_from_sdp_media:<webrtcbin>[00m found existing send pad <webrtcbin:sink_0> for transceiver <webrtctransceiver2>
0:00:06.586090986 [32m 8131[00m 0xffffa01c5460 [37mDEBUG  [00m [00m           webrtcice gstwebrtcice.c:720:gst_webrtc_ice_set_remote_credentials:<webrtcbin2:ice>[00m Setting remote ICE credentials on ICE stream 1 ufrag:2vJv pwd:auvS5MrOXGuT8spqX0A1K++Z
0:00:06.586218463 [32m 8131[00m 0xffffa01c5520 [36mINFO   [00m [00m           webrtcbin gstwebrtcbin.c:5542:_set_description_task:<webrtcbin>[00m Attempting to set remote answer in the have-local-offer state
0:00:06.586265415 [32m 8131[00m 0xffffa01c5520 [37mDEBUG  [00m [00m           webrtcbin gstwebrtcbin.c:5725:_set_description_task:<webrtcbin>[00m we are in ice controlling mode: true
0:00:06.586338899 [32m 8131[00m 0xffffa01c5520 [37mDEBUG  [00m [00m           webrtcbin gstwebrtcbin.c:4784:_update_transport_ptmap_from_media:<webrtcbin>[00m mapping sdp session level attributes to caps
0:00:06.586355286 [32m 8131[00m 0xffffa01c5520 [37mDEBUG  [00m [00m           webrtcbin gstwebrtcbin.c:4786:_update_transport_ptmap_from_media:<webrtcbin>[00m mapping sdp media level attributes to caps
0:00:06.586505327 [32m 8131[00m 0xffffa01c5520 [37mDEBUG  [00m [00m           webrtcbin gstwebrtcbin.c:4799:_update_transport_ptmap_from_media:<webrtcbin>[00m  looking at 0 pt: 96
0:00:06.587339962 [32m 8131[00m 0xffffa01c5520 [37mDEBUG  [00m [00m           webrtcbin gstwebrtcbin.c:4963:_update_transceiver_from_sdp_media:<webrtcbin>[00m transceiver <webrtctransceiver3> direction change from none to sendonly
0:00:06.588298874 [32m 8131[00m 0xffffa01c5520 [37mDEBUG  [00m [00m           webrtcbin gstwebrtcbin.c:4996:_update_transceiver_from_sdp_media:<webrtcbin>[00m found existing send pad <webrtcbin:sink_0> for transceiver <webrtctransceiver3>
0:00:06.588425679 [32m 8131[00m 0xffffa01c5520 [37mDEBUG  [00m [00m           webrtcice gstwebrtcice.c:720:gst_webrtc_ice_set_remote_credentials:<webrtcbin3:ice>[00m Setting remote ICE credentials on ICE stream 1 ufrag:Fn0z pwd:v+tpkfqbrkQE6vRjucLUVs30
0:00:06.588793132 [32m 8131[00m 0xffffa01c5520 [36mINFO   [00m [00m           webrtcbin gstwebrtcbin.c:1409:_update_ice_connection_state_task:<webrtcbin>[00m ICE connection state change from new(0) to checking(1)
0:00:06.588822513 [32m 8131[00m 0xffffa01c5520 [36mINFO   [00m [00m           webrtcbin gstwebrtcbin.c:1446:_update_peer_connection_state_task:<webrtcbin>[00m Peer connection state change from new(0) to connecting(1)
0:00:06.588876666 [32m 8131[00m 0xffffa01c5460 [36mINFO   [00m [00m           webrtcbin gstwebrtcbin.c:1409:_update_ice_connection_state_task:<webrtcbin>[00m ICE connection state change from new(0) to checking(1)
0:00:06.588899262 [32m 8131[00m 0xffffa01c5460 [36mINFO   [00m [00m           webrtcbin gstwebrtcbin.c:1446:_update_peer_connection_state_task:<webrtcbin>[00m Peer connection state change from new(0) to connecting(1)
0:00:06.730549174 [32m 8131[00m 0xffffa00086a0 [36mINFO   [00m [00m           webrtcbin gstwebrtcbin.c:1373:_update_ice_gathering_state_task:<webrtcbin>[00m ICE gathering state change from gathering(1) to complete(2)
0:00:06.731710264 [32m 8131[00m 0xffffa000b4c0 [36mINFO   [00m [00m           webrtcbin gstwebrtcbin.c:1373:_update_ice_gathering_state_task:<webrtcbin>[00m ICE gathering state change from gathering(1) to complete(2)
0:00:06.733098431 [32m 8131[00m 0xffffa01c5520 [36mINFO   [00m [00m           webrtcbin gstwebrtcbin.c:1373:_update_ice_gathering_state_task:<webrtcbin>[00m ICE gathering state change from gathering(1) to complete(2)
0:00:06.735256103 [32m 8131[00m 0xffffa01c5460 [36mINFO   [00m [00m           webrtcbin gstwebrtcbin.c:1373:_update_ice_gathering_state_task:<webrtcbin>[00m ICE gathering state change from gathering(1) to complete(2)
NvMMLiteOpen : Block : BlockType = 4 
===== NvVideo: NVENC =====
NvMMLiteBlockCreate : Block : BlockType = 4 
0:00:06.831492846 [32m 8131[00m 0xaaaadd9d1360 [37mDEBUG  [00m [00m           webrtcbin gstwebrtcbin.c:6504:on_rtpbin_request_pt_map:<webrtcbin>[00m getting pt map for pt 96 in session 0
H264: extProfile = 2 Level = 0 
NVMEDIA: Need to set EMC bandwidth : 126000 
NvVideo: bBlitMode is set to TRUE 
0:00:06.873005973 [32m 8131[00m 0xffff2000a060 [37mDEBUG  [00m [00m           webrtcbin gstwebrtcbin.c:309:gst_webrtcbin_sink_event:<webrtcbin>[00m On <webrtcbin:sink_0> checking negotiation? 1, caps application/x-rtp, media=(string)video, payload=(int)96, clock-rate=(int)90000, encoding-name=(string)H264, packetization-mode=(string)1, ssrc=(uint)1167517475, timestamp-offset=(uint)3336330679, seqnum-offset=(uint)23719, a-framerate=(string)30
0:00:06.873058398 [32m 8131[00m 0xffff2000a060 [36mINFO   [00m [00m           webrtcbin gstwebrtcbin.c:4522:_connect_input_stream:<webrtcbin:sink_0>[00m linking input stream 0
0:00:06.873486917 [32m 8131[00m 0xffff84001b00 [37mDEBUG  [00m [00m           webrtcbin gstwebrtcbin.c:6504:on_rtpbin_request_pt_map:<webrtcbin>[00m getting pt map for pt 96 in session 0
0:00:06.873824125 [32m 8131[00m 0xffff2000a060 [37mDEBUG  [00m [00m           webrtcbin gstwebrtcbin.c:309:gst_webrtcbin_sink_event:<webrtcbin>[00m On <webrtcbin:sink_0> checking negotiation? 1, caps application/x-rtp, media=(string)video, clock-rate=(int)90000, encoding-name=(string)H264, packetization-mode=(string)1, sprop-parameter-sets=(string)"Z0JAHpZUBQF/yoA\=\,aM48gA\=\=", payload=(int)96, seqnum-offset=(uint)23719, timestamp-offset=(uint)3336330679, ssrc=(uint)1167517475, a-framerate=(string)30
0:00:06.874323696 [32m 8131[00m 0xffff7003bea0 [36mINFO   [00m [00m           webrtcbin gstwebrtcbin.c:6829:on_rtpbin_new_sender_ssrc:<webrtcbin>[00m session 0 ssrc 1167517475 new sender ssrc
NvMMLiteOpen : Block : BlockType = 4 
===== NvVideo: NVENC =====
NvMMLiteBlockCreate : Block : BlockType = 4 
0:00:07.171708707 [32m 8131[00m 0xffff70001b60 [37mDEBUG  [00m [00m           webrtcbin gstwebrtcbin.c:6504:on_rtpbin_request_pt_map:<webrtcbin>[00m getting pt map for pt 96 in session 0
H264: extProfile = 2 Level = 0 
NVMEDIA: Need to set EMC bandwidth : 126000 
NvVideo: bBlitMode is set to TRUE 
0:00:07.209857387 [32m 8131[00m 0xffff2801c640 [37mDEBUG  [00m [00m           webrtcbin gstwebrtcbin.c:309:gst_webrtcbin_sink_event:<webrtcbin>[00m On <webrtcbin:sink_0> checking negotiation? 1, caps application/x-rtp, media=(string)video, payload=(int)96, clock-rate=(int)90000, encoding-name=(string)H264, packetization-mode=(string)1, ssrc=(uint)1830606571, timestamp-offset=(uint)33769205, seqnum-offset=(uint)17785, a-framerate=(string)30
0:00:07.209917301 [32m 8131[00m 0xffff2801c640 [36mINFO   [00m [00m           webrtcbin gstwebrtcbin.c:4522:_connect_input_stream:<webrtcbin:sink_0>[00m linking input stream 0
0:00:07.210941023 [32m 8131[00m 0xffff2801c640 [37mDEBUG  [00m [00m           webrtcbin gstwebrtcbin.c:309:gst_webrtcbin_sink_event:<webrtcbin>[00m On <webrtcbin:sink_0> checking negotiation? 1, caps application/x-rtp, media=(string)video, clock-rate=(int)90000, encoding-name=(string)H264, packetization-mode=(string)1, sprop-parameter-sets=(string)"Z0JAHpZUBQF/yoA\=\,aM48gA\=\=", payload=(int)96, seqnum-offset=(uint)17785, timestamp-offset=(uint)33769205, ssrc=(uint)1830606571, a-framerate=(string)30
0:00:07.211482778 [32m 8131[00m 0xffff5c046b00 [36mINFO   [00m [00m           webrtcbin gstwebrtcbin.c:6829:on_rtpbin_new_sender_ssrc:<webrtcbin>[00m session 0 ssrc 1830606571 new sender ssrc
0:00:07.447953014 [32m 8131[00m 0xffff5c001980 [37mDEBUG  [00m [00m           webrtcbin gstwebrtcbin.c:6504:on_rtpbin_request_pt_map:<webrtcbin>[00m getting pt map for pt 96 in session 0
Client disconnected: id=2
Removing pipeline for disconnected client=2 camera=camera_0
0:00:31.989325980 [32m 8131[00m 0xaaaadd8c3a40 [37mDEBUG  [00m [00m           webrtcbin gstwebrtcbin.c:6960:gst_webrtc_bin_change_state:[00m changing state: PLAYING => PAUSED
0:00:31.989641102 [32m 8131[00m 0xaaaadd8c3a40 [37mDEBUG  [00m [00m           webrtcbin gstwebrtcbin.c:6960:gst_webrtc_bin_change_state:[00m changing state: PAUSED => READY
0:00:31.990839723 [32m 8131[00m 0xaaaadd8c3a40 [37mDEBUG  [00m [00m           webrtcbin gstwebrtcbin.c:6960:gst_webrtc_bin_change_state:[00m changing state: READY => NULL
[00:07:46.849] Stopping pipeline
0:00:31.991507956 [32m 8131[00m 0xaaaadd8c3a40 [37mDEBUG  [00m [00m           webrtcbin gstwebrtcbin.c:6960:gst_webrtc_bin_change_state:[00m changing state: NULL => READY
0:00:31.992180383 [32m 8131[00m 0xaaaadd8c3a40 [37mDEBUG  [00m [00m           webrtcbin gstwebrtcbin.c:6960:gst_webrtc_bin_change_state:[00m changing state: READY => PAUSED
0:00:31.992767547 [32m 8131[00m 0xaaaadd8c3a40 [37mDEBUG  [00m [00m           webrtcbin gstwebrtcbin.c:6960:gst_webrtc_bin_change_state:[00m changing state: PAUSED => READY
0:00:32.160579132 [32m 8131[00m 0xaaaadd8c3a40 [37mDEBUG  [00m [00m           webrtcbin gstwebrtcbin.c:6960:gst_webrtc_bin_change_state:[00m changing state: READY => NULL
0:00:32.168486714 [32m 8131[00m 0xaaaadd8c3a40 [37mDEBUG  [00m [00m           webrtcbin gstwebrtcbin.c:7197:gst_webrtc_bin_release_pad:<webrtcbin>[00m Releasing <webrtcbin:sink_0>
Removing pipeline for disconnected client=2 camera=camera_1
0:00:32.171114776 [32m 8131[00m 0xaaaadd8c3a40 [37mDEBUG  [00m [00m           webrtcbin gstwebrtcbin.c:6960:gst_webrtc_bin_change_state:[00m changing state: PLAYING => PAUSED
0:00:32.171502197 [32m 8131[00m 0xaaaadd8c3a40 [37mDEBUG  [00m [00m           webrtcbin gstwebrtcbin.c:6960:gst_webrtc_bin_change_state:[00m changing state: PAUSED => READY
0:00:32.172552347 [32m 8131[00m 0xaaaadd8c3a40 [37mDEBUG  [00m [00m           webrtcbin gstwebrtcbin.c:6960:gst_webrtc_bin_change_state:[00m changing state: READY => NULL
[00:07:47.31] Stopping pipeline
0:00:32.173238727 [32m 8131[00m 0xaaaadd8c3a40 [37mDEBUG  [00m [00m           webrtcbin gstwebrtcbin.c:6960:gst_webrtc_bin_change_state:[00m changing state: NULL => READY
0:00:32.173760921 [32m 8131[00m 0xaaaadd8c3a40 [37mDEBUG  [00m [00m           webrtcbin gstwebrtcbin.c:6960:gst_webrtc_bin_change_state:[00m changing state: READY => PAUSED
0:00:32.174149334 [32m 8131[00m 0xaaaadd8c3a40 [37mDEBUG  [00m [00m           webrtcbin gstwebrtcbin.c:6960:gst_webrtc_bin_change_state:[00m changing state: PAUSED => READY
0:00:32.289884405 [32m 8131[00m 0xaaaadd8c3a40 [37mDEBUG  [00m [00m           webrtcbin gstwebrtcbin.c:6960:gst_webrtc_bin_change_state:[00m changing state: READY => NULL
0:00:32.296093160 [32m 8131[00m 0xaaaadd8c3a40 [37mDEBUG  [00m [00m           webrtcbin gstwebrtcbin.c:7197:gst_webrtc_bin_release_pad:<webrtcbin>[00m Releasing <webrtcbin:sink_0>
Removing pipeline for disconnected client=2 camera=camera_10
0:00:32.298591793 [32m 8131[00m 0xaaaadd8c3a40 [37mDEBUG  [00m [00m           webrtcbin gstwebrtcbin.c:6960:gst_webrtc_bin_change_state:[00m changing state: PLAYING => PAUSED
0:00:32.298927590 [32m 8131[00m 0xaaaadd8c3a40 [37mDEBUG  [00m [00m           webrtcbin gstwebrtcbin.c:6960:gst_webrtc_bin_change_state:[00m changing state: PAUSED => READY
0:00:32.299799632 [32m 8131[00m 0xaaaadd8c3a40 [37mDEBUG  [00m [00m           webrtcbin gstwebrtcbin.c:6960:gst_webrtc_bin_change_state:[00m changing state: READY => NULL
[00:07:47.158] Stopping pipeline
0:00:32.300318530 [32m 8131[00m 0xaaaadd8c3a40 [37mDEBUG  [00m [00m           webrtcbin gstwebrtcbin.c:6960:gst_webrtc_bin_change_state:[00m changing state: NULL => READY
0:00:32.300826674 [32m 8131[00m 0xaaaadd8c3a40 [37mDEBUG  [00m [00m           webrtcbin gstwebrtcbin.c:6960:gst_webrtc_bin_change_state:[00m changing state: READY => PAUSED
0:00:32.301287738 [32m 8131[00m 0xaaaadd8c3a40 [37mDEBUG  [00m [00m           webrtcbin gstwebrtcbin.c:6960:gst_webrtc_bin_change_state:[00m changing state: PAUSED => READY
0:00:32.324657277 [32m 8131[00m 0xaaaadd8c3a40 [37mDEBUG  [00m [00m           webrtcbin gstwebrtcbin.c:6960:gst_webrtc_bin_change_state:[00m changing state: READY => NULL
0:00:32.330538524 [32m 8131[00m 0xaaaadd8c3a40 [37mDEBUG  [00m [00m           webrtcbin gstwebrtcbin.c:7197:gst_webrtc_bin_release_pad:<webrtcbin>[00m Releasing <webrtcbin:sink_0>
Removing pipeline for disconnected client=2 camera=camera_4
0:00:32.332584542 [32m 8131[00m 0xaaaadd8c3a40 [37mDEBUG  [00m [00m           webrtcbin gstwebrtcbin.c:6960:gst_webrtc_bin_change_state:[00m changing state: PLAYING => PAUSED
0:00:32.332808290 [32m 8131[00m 0xaaaadd8c3a40 [37mDEBUG  [00m [00m           webrtcbin gstwebrtcbin.c:6960:gst_webrtc_bin_change_state:[00m changing state: PAUSED => READY
0:00:32.333618561 [32m 8131[00m 0xaaaadd8c3a40 [37mDEBUG  [00m [00m           webrtcbin gstwebrtcbin.c:6960:gst_webrtc_bin_change_state:[00m changing state: READY => NULL
[00:07:47.192] Stopping pipeline
0:00:32.334315183 [32m 8131[00m 0xaaaadd8c3a40 [37mDEBUG  [00m [00m           webrtcbin gstwebrtcbin.c:6960:gst_webrtc_bin_change_state:[00m changing state: NULL => READY
0:00:32.334956340 [32m 8131[00m 0xaaaadd8c3a40 [37mDEBUG  [00m [00m           webrtcbin gstwebrtcbin.c:6960:gst_webrtc_bin_change_state:[00m changing state: READY => PAUSED
0:00:32.335550226 [32m 8131[00m 0xaaaadd8c3a40 [37mDEBUG  [00m [00m           webrtcbin gstwebrtcbin.c:6960:gst_webrtc_bin_change_state:[00m changing state: PAUSED => READY
0:00:32.522593398 [32m 8131[00m 0xaaaadd8c3a40 [37mDEBUG  [00m [00m           webrtcbin gstwebrtcbin.c:6960:gst_webrtc_bin_change_state:[00m changing state: READY => NULL
0:00:32.529328572 [32m 8131[00m 0xaaaadd8c3a40 [37mDEBUG  [00m [00m           webrtcbin gstwebrtcbin.c:7197:gst_webrtc_bin_release_pad:<webrtcbin>[00m Releasing <webrtcbin:sink_0>
